$ ssh root@188.34.176.15
Welcome to Ubuntu 24.04.3 LTS (GNU/Linux 6.8.0-71-generic x86_64)

 * Documentation:  https://help.ubuntu.com
 * Management:     https://landscape.canonical.com
 * Support:        https://ubuntu.com/pro

 System information as of Fri 26 Sep 18:06:22 BST 2025

  System load:  0.0               Processes:             141
  Usage of /:   8.3% of 74.79GB   Users logged in:       1
  Memory usage: 14%               IPv4 address for eth0: 188.34.176.15
  Swap usage:   0%                IPv6 address for eth0: 2a01:4f8:c17:3d04::1

 * Strictly confined Kubernetes makes edge and IoT secure. Learn how MicroK8s
   just raised the bar for easy, resilient and secure K8s cluster deployment.

   https://ubuntu.com/engage/secure-kubernetes-at-the-edge

Expanded Security Maintenance for Applications is not enabled.

20 updates can be applied immediately.
To see these additional updates run: apt list --upgradable

Enable ESM Apps to receive additional future security updates.
See https://ubuntu.com/esm or run: sudo pro status


*** System restart required ***
Last login: Fri Sep 26 17:52:26 2025 from 94.189.201.148
root@hmofinder:~# cd /var/www/hmo-hunter
root@hmofinder:/var/www/hmo-hunter# cd /var/www/hmo-hunter
node dist/index.js
ðŸ“‚ Article 4 areas loaded from cache file
file:///var/www/hmo-hunter/dist/index.js:2435
  throw new Error(
        ^

Error: DATABASE_URL must be set. Did you forget to provision a database?
    at file:///var/www/hmo-hunter/dist/index.js:2435:9
    at ModuleJob.run (node:internal/modules/esm/module_job:263:25)
    at async ModuleLoader.import (node:internal/modules/esm/loader:540:24)
    at async asyncRunEntryPointWithESMLoader (node:internal/modules/run_main:117:5)

Node.js v20.19.4
root@hmofinder:/var/www/hmo-hunter# cd /var/www/hmo-hunter
git fetch origin
git reset --hard origin/main
git clean -fd
HEAD is now at cc7476b dasdas
Removing venv/
root@hmofinder:/var/www/hmo-hunter# git pull origin main
From https://github.com/petar-nikolic125/HMOSeeker
 * branch            main       -> FETCH_HEAD
Already up to date.
root@hmofinder:/var/www/hmo-hunter# npm install
npm run build
sudo systemctl restart hmo-hunter
sudo systemctl status hmo-hunter

up to date, audited 489 packages in 2s

67 packages are looking for funding
  run `npm fund` for details

9 vulnerabilities (3 low, 6 moderate)

To address issues that do not require attention, run:
  npm audit fix

To address all issues (including breaking changes), run:
  npm audit fix --force

Run `npm audit` for details.

> rest-express@1.0.0 build
> vite build && esbuild server/index.ts --platform=node --packages=external --bundle --format=esm --outdir=dist

vite v5.4.19 building for production...
transforming (3) src/main.tsxBrowserslist: browsers data (caniuse-lite) is 11 months old. Please run:
  npx update-browserslist-db@latest
  Why you should do it regularly: https://github.com/browserslist/update-db#readme
âœ“ 1678 modules transformed.
../dist/public/index.html                   2.62 kB â”‚ gzip:   0.96 kB
../dist/public/assets/index-BSDFy_Ar.css  110.22 kB â”‚ gzip:  22.12 kB
../dist/public/assets/index-BMyWOX50.js   494.48 kB â”‚ gzip: 149.83 kB
âœ“ built in 5.49s

  dist/index.js  149.8kb

âš¡ Done in 13ms
â— hmo-hunter.service - HMO Hunter Node.js Server
     Loaded: loaded (/etc/systemd/system/hmo-hunter.service; enabled; preset: e>
     Active: active (running) since Fri 2025-09-26 18:07:41 BST; 13ms ago
   Main PID: 352855 (node)
      Tasks: 6 (limit: 4540)
     Memory: 2.5M (peak: 2.5M)
        CPU: 11ms
     CGroup: /system.slice/hmo-hunter.service
             â””â”€352855 /usr/bin/node /var/www/hmo-hunter/dist/index.js

Sep 26 18:07:41 hmofinder systemd[1]: Started hmo-hunter.service - HMO Hunter N>
lines 1-11/11 (END)
